// Jest Snapshot v1, https://goo.gl/fbAQLP

exports[`submitDetails actions Returns user details when login is successful 1`] = `
Array [
  Object {
    "type": "SUBMITTING_STARTED",
  },
  Object {
    "type": "SWITCH_USER_AUTH_STATUS",
    "user": Object {
      "expires_at": 1515031821488,
      "id": 27,
      "username": "kim",
    },
  },
  Object {
    "message": undefined,
    "type": "SUBMISSION_SUCCESSFUL",
  },
]
`;
